{"time":"2026-03-01T10:05:11Z","type":"schedule","snapshot":{"running":true,"started_at":"2026-03-01T10:02:11Z","ends_at":"2026-03-01T12:02:11Z","remaining":7200,"remaining_text":"2h0m","mode":"duration","active":true,"activity":{"state":"off","method":"","reason":"","hint":"","last_burst":null,"idle":0,"idle_text":"0s"},"battery":{"percent":80,"available":true,"threshold":20},"keep_display":true,"power_hold":"","schedule":"Mon-Fri 08:00-16:00","in_window":false,"next_change":"2026-03-02T08:00:00Z","watching":""},"message":"outside work hours until Mon 08:00","reason":""}
