{"time":"2026-03-01T10:04:41Z","type":"snapshot","snapshot":{"running":true,"started_at":"2026-03-01T10:02:11Z","ends_at":"2026-03-01T12:02:11Z","remaining":7050,"remaining_text":"1h57m30s","mode":"duration","active":true,"activity":{"state":"waiting_idle","method":"CoreGraphics mouse events","reason":"needs 2m0s","hint":"","last_burst":null,"idle":5,"idle_text":"5s"},"battery":{"percent":80,"available":true,"threshold":20,"pause":false},"keep_display":true,"power_hold":"caffeinate -dims","schedule":"","in_window":true,"next_change":null,"watching":"","paused":""},"message":"1h57m30s left (until 12:02)","reason":""}
