{"time":"2026-03-01T10:03:11Z","type":"warning","snapshot":{"running":true,"started_at":"2026-03-01T10:02:11Z","ends_at":"2026-03-01T12:02:11Z","remaining":7200,"remaining_text":"2h0m","mode":"duration","active":true,"activity":{"state":"off","method":"","reason":"","hint":"","last_burst":null,"idle":0,"idle_text":"0s"},"battery":{"percent":80,"available":true,"threshold":20,"pause":false},"keep_display":true,"power_hold":"caffeinate -dims","schedule":"","in_window":true,"next_change":null,"watching":"","paused":""},"message":"warning: battery status unavailable: no battery","reason":""}
