{"time":"2026-03-01T10:04:11Z","type":"activity","snapshot":{"running":true,"started_at":"2026-03-01T10:02:11Z","ends_at":"2026-03-01T12:02:11Z","remaining":7080,"remaining_text":"1h58m","mode":"duration","active":true,"activity":{"state":"waiting_idle","method":"CoreGraphics mouse events","reason":"needs 2m0s","hint":"","last_burst":null,"idle":5,"idle_text":"5s"},"battery":{"percent":80,"available":true,"threshold":20},"keep_display":true,"power_hold":"caffeinate -dims"},"message":"active: waiting for idle (needs 2m0s)","reason":""}
