╭──────────────────────────────────────────────╮
│ keepalive                            [AWAKE] │
│                                              │
│ █▀█   █ █ █▀█                                │
│ █ █ ▀ ▀▀█ █▀█                                │
│ ▀▀▀ ▀   ▀ ▀▀▀   running                      │
│ ──────────────────────────────────────────── │
│                                              │
│ ACTIVITY  ○ paused — you're active           │
│           ▁▄▁▆▁▁█▁▄▁▁▆                3m ago │
│ HOLDING   system + display awake             │
╰──────────────────────────────────────────────╯
 [a] activity off  [s] stop  [?] help  [q] quit
