╭──────────────────────────────────────────────────────────────╮
│ keepalive                                            [AWAKE] │
│                                                              │
│ █▀█   █ █ █▀█                                                │
│ █ █ ▀ ▀▀█ █▀█                                                │
│ ▀▀▀ ▀   ▀ ▀▀▀   running                                      │
│ ──────────────────────────────────────────────────────────── │
│                                                              │
│ ACTIVITY  starting…                                          │
│ HOLDING   system + display awake                             │
╰──────────────────────────────────────────────────────────────╯
 [a] activity off  [s] stop  [?] help  [q] quit
