╭──────────────────────────────────────────────────────────────╮
│ keepalive                               [PAUSED] battery low │
│                                                              │
│ Resumes at 25% or when charging                              │
│ ──────────────────────────────────────────────────────────── │
│                                                              │
│ ACTIVITY  on · resumes with the battery                      │
│ BATTERY   ━━━━──────────────── 18%   paused — resumes at 25% │
│ HOLDING   nothing while the battery is low                   │
╰──────────────────────────────────────────────────────────────╯
 [a] activity off  [s] stop  [?] help  [q] quit
