 [1mkeepalive 2.0.0[0m                                        [38;2;73;222;128m● AWAKE[0m

 [1mKeeping system and display awake[0m
 [38;2;167;139;250m██████████████████[0m[38;2;138;144;162m░░░░░░░░░░░░[0m  1h 12m left · until 17:00

 Activity     [38;2;73;222;128m●[0m simulating · last move 12s ago · CoreGraphics
 Work hours   Mon-Fri 08:00-16:00 · ends 16:00
 Battery      76% · stops at 20%
 Watching     zoom
 Holding      IOPMAssertion(PreventUserIdleSystemSleep,
              PreventUserIdleDisplaySleep, PreventSystemSleep)

 [38;2;138;144;162ma activity off · +/- 15 min · s stop · ? help · q quit[0m
