 keepalive 2.0.0                                        ● AWAKE

 Keeping system and display awake
 ██████████████████░░░░░░░░░░░░  1h 12m left · until 17:00

 Activity     ● simulating · last move 12s ago · CoreGraphics
 Work hours   Mon-Fri 08:00-16:00 · ends 16:00
 Battery      76% · stops at 20%
 Watching     zoom
 Holding      IOPMAssertion(PreventUserIdleSystemSleep, +2)

 a activity off · +/- 15 min · s stop · ? help · q quit
