╭──────────────────────────────────────────────────────────────╮
│ keepalive                                            [AWAKE] │
│                                                              │
│ █▀█   █ █ █▀█                                                │
│ █ █ ▀ ▀▀█ █▀█                                                │
│ ▀▀▀ ▀   ▀ ▀▀▀   running                                      │
│ ──────────────────────────────────────────────────────────── │
│                                                              │
│ ACTIVITY  ○ waiting for idle ━━━━━─── 1m10s / 2m             │
│           ▁▄▁▆▁▁█▁▄▁▁▆                                       │
│ HOLDING   system + display awake                             │
╰──────────────────────────────────────────────────────────────╯
 [a] activity off  [s] stop  [?] help  [q] quit
