╭──────────────────────────────────────────────╮
│ keepalive                            [AWAKE] │
│                                              │
│ █ █ █▀█   █▀█ █▀▀                            │
│ ▀▀█ █▀█ ▀ █ █ ▀▀█                            │
│   ▀ ▀▀▀ ▀ ▀▀▀ ▀▀▀   left · until 16:36       │
│ ━━━━━━━━━─────────────────────────────────── │
│                                              │
│ ACTIVITY  ◉ simulating  ▁▄▁▆▁▁█▁▄▁▁▆ 12s ago │
│ HOLDING   system + display awake             │
╰──────────────────────────────────────────────╯
 [a] activity  [+/-] 15 min  [s] stop  [?] help
 [q] quit
