╭──────────────────────────────────────────────────────────────╮
│ keepalive                                          [STOPPED] │
│                                                              │
│ █▀█   █▀█ █▀█                                                │
│ █ █ ▀ █ █ █ █                                                │
│ ▀▀▀ ▀ ▀▀▀ ▀▀▀                                                │
│ ━━━━━━━━━━━━━━━━━━━━━━━━━━━━━━━━━━━━━━━━━━━━━━━━━━━━━━━━━━━━ │
│                                                              │
│ Stopped: duration reached at 15:48                           │
╰──────────────────────────────────────────────────────────────╯
 [⏎] back  [q] quit
