 keepalive     [PAUSED] until Tue 08:00

 ▀█  █▀▀   ▀█  ▀▀█
  █  █▀█ ▀  █  █▀▀
 ▀▀▀ ▀▀▀ ▀ ▀▀▀ ▀▀▀   until Tue 08:00
 ──────────────────────────────────────

 ACTIVITY  on · paused
 HOURS     Mon–Fri 08:00–16:00
                       starts Tue 08:00
 HOLDING   nothing while paused

 [a] activity  [s] stop  [?] help
 [q] quit
