 keepalive 2.0.0
 ◐ PAUSED · battery low

 Battery low · the computer may sleep
 running for 48m

 Activity   on · resumes when the
            battery recovers
 Battery    18% · pauses at 20%,
            resumes at 25% or charging
 Holding    nothing while the battery
            is low

 a activity off · s stop · ? help ·
 q quit
