 keepalive 2.0.0                                        ● AWAKE

 Keeping system and display awake
 running for 48m

 Activity     ○ paused — screen locked
 Holding      IOPMAssertion(PreventUserIdleSystemSleep,
              PreventUserIdleDisplaySleep, PreventSystemSleep)

 a activity off · s stop · ? help · q quit
