╭──────────────────────────────────────────────────────────────╮
│ keepalive                                            [AWAKE] │
│                                                              │
│ █▀█   █ █ █▀█                                                │
│ █ █ ▀ ▀▀█ █▀█                                                │
│ ▀▀▀ ▀   ▀ ▀▀▀   running                                      │
│ ──────────────────────────────────────────────────────────── │
│                                                              │
│ ACTIVITY  off                                                │
│ HOLDING   system awake                                       │
╰──────────────────────────────────────────────────────────────╯
 [a] activity on  [s] stop  [?] help  [q] quit
