 keepalive                      [AWAKE]

 ▀█    ▀█  ▀▀█
  █  ▀  █  █▀▀
 ▀▀▀ ▀ ▀▀▀ ▀▀▀   left · until 17:00
 ━━━━━━━━━━━━━━━━━━━━━━━───────────────

 ACTIVITY  ◉ simulating
           ▁▄▁▆▁▁█▁▄▁▁▆         12s ago
 HOURS     Mon–Fri 08:00–16:00
                             ends 16:00
 BATTERY   ━━━━━━━━─── 76% stops at 20%
 WATCHING  zoom
 HOLDING   system + display awake

 [a] activity  [+/-] 15 min  [s] stop
 [?] help  [q] quit
