╭──────────────────────────────────────────────────────────────╮
│ keepalive                                            [AWAKE] │
│                                                              │
│ █▀█   █ █ █▀█                                                │
│ █ █ ▀ ▀▀█ █▀█                                                │
│ ▀▀▀ ▀   ▀ ▀▀▀   running                                      │
│ ──────────────────────────────────────────────────────────── │
│                                                              │
│ ACTIVITY  ○ paused — you're using the computer               │
│           ▁▄▁▆▁▁█▁▄▁▁▆                                3m ago │
│ HOLDING   system + display awake                             │
╰──────────────────────────────────────────────────────────────╯
 [a] activity off  [s] stop  [?] help  [q] quit
