╭──────────────────────────────────────────────────────────────╮
│ keepalive                           [PAUSED] until Sat 10:00 │
│                                                              │
│ Resumes Sat 10:00                                            │
│ ──────────────────────────────────────────────────────────── │
│                                                              │
│ ACTIVITY  on · resumes with the work hours                   │
│ HOURS     Sat 10:00–12:00                   starts Sat 10:00 │
│ HOLDING   nothing outside the work hours                     │
╰──────────────────────────────────────────────────────────────╯
 [a] activity off  [s] stop  [?] help  [q] quit
