╭──────────────────────────────────────────────╮
│ keepalive                             v2.0.0 │
│                                              │
│ KEEP AWAKE FOR HOW LONG?                     │
│ › 90█                                        │
│   minutes (90) or a duration (45m, 2h30m)    │
│                                              │
│ ✓ 1h30m · until 17:18                        │
╰──────────────────────────────────────────────╯
 [⏎] start  [esc] back  [ctrl+c] quit
