╭──────────────────────────────────────────────────────────────╮
│ keepalive                                             v2.0.0 │
│                                                              │
│ KEEP AWAKE DURING WHICH WORK HOURS?                          │
│ › weekdays 8:00-11:30, 12:00-16:00█                          │
│   e.g. Mon-Fri 08:00-16:00 or weekdays                       │
│   08:00-11:30,12:00-16:00                                    │
│                                                              │
│ ✓ Mon–Fri 08:00–11:30, 12:00–16:00 · now: until 16:00        │
╰──────────────────────────────────────────────────────────────╯
 [⏎] start  [esc] back  [ctrl+c] quit
